2026-02-08T20:43:03.9349726Z Current runner version: '2.331.0'
2026-02-08T20:43:03.9376529Z ##[group]Runner Image Provisioner
2026-02-08T20:43:03.9377424Z Hosted Compute Agent
2026-02-08T20:43:03.9378250Z Version: 20260123.484
2026-02-08T20:43:03.9378887Z Commit: 6bd6555ca37d84114959e1c76d2c01448ff61c5d
2026-02-08T20:43:03.9379649Z Build Date: 2026-01-23T19:41:17Z
2026-02-08T20:43:03.9380336Z Worker ID: {1dbc6b9c-9420-4bd7-9642-a767dc7fd660}
2026-02-08T20:43:03.9381059Z Azure Region: northcentralus
2026-02-08T20:43:03.9381591Z ##[endgroup]
2026-02-08T20:43:03.9383447Z ##[group]Operating System
2026-02-08T20:43:03.9384024Z Ubuntu
2026-02-08T20:43:03.9384482Z 24.04.3
2026-02-08T20:43:03.9385021Z LTS
2026-02-08T20:43:03.9385632Z ##[endgroup]
2026-02-08T20:43:03.9386458Z ##[group]Runner Image
2026-02-08T20:43:03.9387410Z Image: ubuntu-24.04
2026-02-08T20:43:03.9388374Z Version: 20260201.15.1
2026-02-08T20:43:03.9390303Z Included Software: https://github.com/actions/runner-images/blob/ubuntu24/20260201.15/images/ubuntu/Ubuntu2404-Readme.md
2026-02-08T20:43:03.9392733Z Image Release: https://github.com/actions/runner-images/releases/tag/ubuntu24%2F20260201.15
2026-02-08T20:43:03.9394137Z ##[endgroup]
2026-02-08T20:43:03.9395932Z ##[group]GITHUB_TOKEN Permissions
2026-02-08T20:43:03.9398513Z Contents: read
2026-02-08T20:43:03.9399396Z Metadata: read
2026-02-08T20:43:03.9400281Z Pages: write
2026-02-08T20:43:03.9400974Z ##[endgroup]
2026-02-08T20:43:03.9403867Z Secret source: Actions
2026-02-08T20:43:03.9405304Z Prepare workflow directory
2026-02-08T20:43:03.9862083Z Prepare all required actions
2026-02-08T20:43:03.9918514Z Getting action download info
2026-02-08T20:43:04.3335338Z Download action repository 'actions/checkout@v6' (SHA:de0fac2e4500dabe0009e67214ff5f5447ce83dd)
2026-02-08T20:43:04.4353201Z Download action repository 'actions/setup-dotnet@v5' (SHA:baa11fbfe1d6520db94683bd5c7a3818018e4309)
2026-02-08T20:43:04.8613308Z Download action repository 'actions/upload-pages-artifact@v4' (SHA:7b1f4a764d45c48632c6b24a0339c27f5614fb0b)
2026-02-08T20:43:05.3333189Z Getting action download info
2026-02-08T20:43:05.4693490Z Download action repository 'actions/upload-artifact@ea165f8d65b6e75b540449e92b4886f43607fa02' (SHA:ea165f8d65b6e75b540449e92b4886f43607fa02)
2026-02-08T20:43:05.6139303Z Complete job name: build
2026-02-08T20:43:05.6964202Z ##[group]Run actions/checkout@v6
2026-02-08T20:43:05.6965585Z with:
2026-02-08T20:43:05.6966376Z   repository: collabskus/collabskus.github.io
2026-02-08T20:43:05.6967709Z   token: ***
2026-02-08T20:43:05.6968582Z   ssh-strict: true
2026-02-08T20:43:05.6969320Z   ssh-user: git
2026-02-08T20:43:05.6970086Z   persist-credentials: true
2026-02-08T20:43:05.6970939Z   clean: true
2026-02-08T20:43:05.6971696Z   sparse-checkout-cone-mode: true
2026-02-08T20:43:05.6972616Z   fetch-depth: 1
2026-02-08T20:43:05.6973348Z   fetch-tags: false
2026-02-08T20:43:05.6974100Z   show-progress: true
2026-02-08T20:43:05.6974863Z   lfs: false
2026-02-08T20:43:05.6975559Z   submodules: false
2026-02-08T20:43:05.6976326Z   set-safe-directory: true
2026-02-08T20:43:05.6977422Z ##[endgroup]
2026-02-08T20:43:05.7908636Z Syncing repository: collabskus/collabskus.github.io
2026-02-08T20:43:05.7911264Z ##[group]Getting Git version info
2026-02-08T20:43:05.7912859Z Working directory is '/home/runner/work/collabskus.github.io/collabskus.github.io'
2026-02-08T20:43:05.7914950Z [command]/usr/bin/git version
2026-02-08T20:43:05.7981475Z git version 2.52.0
2026-02-08T20:43:05.8006604Z ##[endgroup]
2026-02-08T20:43:05.8023082Z Temporarily overriding HOME='/home/runner/work/_temp/182cc2ca-48a9-4ba2-9e1c-dfa3580e47dc' before making global git config changes
2026-02-08T20:43:05.8028126Z Adding repository directory to the temporary git global config as a safe directory
2026-02-08T20:43:05.8032353Z [command]/usr/bin/git config --global --add safe.directory /home/runner/work/collabskus.github.io/collabskus.github.io
2026-02-08T20:43:05.8071898Z Deleting the contents of '/home/runner/work/collabskus.github.io/collabskus.github.io'
2026-02-08T20:43:05.8075826Z ##[group]Initializing the repository
2026-02-08T20:43:05.8081013Z [command]/usr/bin/git init /home/runner/work/collabskus.github.io/collabskus.github.io
2026-02-08T20:43:05.8197410Z hint: Using 'master' as the name for the initial branch. This default branch name
2026-02-08T20:43:05.8199806Z hint: will change to "main" in Git 3.0. To configure the initial branch name
2026-02-08T20:43:05.8201881Z hint: to use in all of your new repositories, which will suppress this warning,
2026-02-08T20:43:05.8203783Z hint: call:
2026-02-08T20:43:05.8205063Z hint:
2026-02-08T20:43:05.8206807Z hint: 	git config --global init.defaultBranch <name>
2026-02-08T20:43:05.8209055Z hint:
2026-02-08T20:43:05.8210911Z hint: Names commonly chosen instead of 'master' are 'main', 'trunk' and
2026-02-08T20:43:05.8214006Z hint: 'development'. The just-created branch can be renamed via this command:
2026-02-08T20:43:05.8216497Z hint:
2026-02-08T20:43:05.8217700Z hint: 	git branch -m <name>
2026-02-08T20:43:05.8219299Z hint:
2026-02-08T20:43:05.8221198Z hint: Disable this message with "git config set advice.defaultBranchName false"
2026-02-08T20:43:05.8223951Z Initialized empty Git repository in /home/runner/work/collabskus.github.io/collabskus.github.io/.git/
2026-02-08T20:43:05.8227342Z [command]/usr/bin/git remote add origin https://github.com/collabskus/collabskus.github.io
2026-02-08T20:43:05.8254201Z ##[endgroup]
2026-02-08T20:43:05.8256549Z ##[group]Disabling automatic garbage collection
2026-02-08T20:43:05.8258932Z [command]/usr/bin/git config --local gc.auto 0
2026-02-08T20:43:05.8288007Z ##[endgroup]
2026-02-08T20:43:05.8290514Z ##[group]Setting up auth
2026-02-08T20:43:05.8292313Z Removing SSH command configuration
2026-02-08T20:43:05.8295600Z [command]/usr/bin/git config --local --name-only --get-regexp core\.sshCommand
2026-02-08T20:43:05.8329370Z [command]/usr/bin/git submodule foreach --recursive sh -c "git config --local --name-only --get-regexp 'core\.sshCommand' && git config --local --unset-all 'core.sshCommand' || :"
2026-02-08T20:43:05.8696024Z Removing HTTP extra header
2026-02-08T20:43:05.8701241Z [command]/usr/bin/git config --local --name-only --get-regexp http\.https\:\/\/github\.com\/\.extraheader
2026-02-08T20:43:05.8732959Z [command]/usr/bin/git submodule foreach --recursive sh -c "git config --local --name-only --get-regexp 'http\.https\:\/\/github\.com\/\.extraheader' && git config --local --unset-all 'http.https://github.com/.extraheader' || :"
2026-02-08T20:43:05.8949244Z Removing includeIf entries pointing to credentials config files
2026-02-08T20:43:05.8956503Z [command]/usr/bin/git config --local --name-only --get-regexp ^includeIf\.gitdir:
2026-02-08T20:43:05.8993840Z [command]/usr/bin/git submodule foreach --recursive git config --local --show-origin --name-only --get-regexp remote.origin.url
2026-02-08T20:43:05.9225865Z [command]/usr/bin/git config --file /home/runner/work/_temp/git-credentials-a3bbf723-0ae4-4c83-8a8f-b0ad46fd19e6.config http.https://github.com/.extraheader AUTHORIZATION: basic ***
2026-02-08T20:43:05.9264098Z [command]/usr/bin/git config --local includeIf.gitdir:/home/runner/work/collabskus.github.io/collabskus.github.io/.git.path /home/runner/work/_temp/git-credentials-a3bbf723-0ae4-4c83-8a8f-b0ad46fd19e6.config
2026-02-08T20:43:05.9303297Z [command]/usr/bin/git config --local includeIf.gitdir:/home/runner/work/collabskus.github.io/collabskus.github.io/.git/worktrees/*.path /home/runner/work/_temp/git-credentials-a3bbf723-0ae4-4c83-8a8f-b0ad46fd19e6.config
2026-02-08T20:43:05.9339869Z [command]/usr/bin/git config --local includeIf.gitdir:/github/workspace/.git.path /github/runner_temp/git-credentials-a3bbf723-0ae4-4c83-8a8f-b0ad46fd19e6.config
2026-02-08T20:43:05.9375180Z [command]/usr/bin/git config --local includeIf.gitdir:/github/workspace/.git/worktrees/*.path /github/runner_temp/git-credentials-a3bbf723-0ae4-4c83-8a8f-b0ad46fd19e6.config
2026-02-08T20:43:05.9410204Z ##[endgroup]
2026-02-08T20:43:05.9412443Z ##[group]Fetching the repository
2026-02-08T20:43:05.9421985Z [command]/usr/bin/git -c protocol.version=2 fetch --no-tags --prune --no-recurse-submodules --depth=1 origin +b8838800fc695a84745e6529a7882c7bb611c420:refs/remotes/origin/master
2026-02-08T20:43:06.1819176Z From https://github.com/collabskus/collabskus.github.io
2026-02-08T20:43:06.1822036Z  * [new ref]         b8838800fc695a84745e6529a7882c7bb611c420 -> origin/master
2026-02-08T20:43:06.1856785Z [command]/usr/bin/git branch --list --remote origin/master
2026-02-08T20:43:06.1880291Z   origin/master
2026-02-08T20:43:06.1890280Z [command]/usr/bin/git rev-parse refs/remotes/origin/master
2026-02-08T20:43:06.1911472Z b8838800fc695a84745e6529a7882c7bb611c420
2026-02-08T20:43:06.1916801Z ##[endgroup]
2026-02-08T20:43:06.1918439Z ##[group]Determining the checkout info
2026-02-08T20:43:06.1919902Z ##[endgroup]
2026-02-08T20:43:06.1921528Z [command]/usr/bin/git sparse-checkout disable
2026-02-08T20:43:06.1962355Z [command]/usr/bin/git config --local --unset-all extensions.worktreeConfig
2026-02-08T20:43:06.1988565Z ##[group]Checking out the ref
2026-02-08T20:43:06.1992132Z [command]/usr/bin/git checkout --progress --force -B master refs/remotes/origin/master
2026-02-08T20:43:06.2074454Z Reset branch 'master'
2026-02-08T20:43:06.2077022Z branch 'master' set up to track 'origin/master'.
2026-02-08T20:43:06.2083845Z ##[endgroup]
2026-02-08T20:43:06.2119799Z [command]/usr/bin/git log -1 --format=%H
2026-02-08T20:43:06.2142709Z b8838800fc695a84745e6529a7882c7bb611c420
2026-02-08T20:43:06.2399597Z ##[group]Run actions/setup-dotnet@v5
2026-02-08T20:43:06.2400540Z with:
2026-02-08T20:43:06.2401203Z   dotnet-version: 10.0.x
2026-02-08T20:43:06.2401979Z   cache: false
2026-02-08T20:43:06.2402656Z ##[endgroup]
2026-02-08T20:43:06.3686314Z [command]/home/runner/work/_actions/actions/setup-dotnet/v5/externals/install-dotnet.sh --skip-non-versioned-files --runtime dotnet --channel LTS
2026-02-08T20:43:06.6023142Z dotnet-install: .NET Core Runtime with version '10.0.2' is already installed.
2026-02-08T20:43:06.6051385Z [command]/home/runner/work/_actions/actions/setup-dotnet/v5/externals/install-dotnet.sh --skip-non-versioned-files --channel 10.0
2026-02-08T20:43:06.7945037Z dotnet-install: .NET Core SDK with version '10.0.102' is already installed.
2026-02-08T20:43:06.8182737Z ##[group]Run dotnet workload install wasm-tools
2026-02-08T20:43:06.8183983Z [36;1mdotnet workload install wasm-tools[0m
2026-02-08T20:43:06.8224933Z shell: /usr/bin/bash -e {0}
2026-02-08T20:43:06.8225793Z env:
2026-02-08T20:43:06.8226479Z   DOTNET_ROOT: /usr/share/dotnet
2026-02-08T20:43:06.8227352Z ##[endgroup]
2026-02-08T20:43:09.2231459Z 
2026-02-08T20:43:09.2234812Z Checking for updated workload version.
2026-02-08T20:43:10.1710581Z Skipping NuGet package signature verification.
2026-02-08T20:43:10.1930046Z Installing workload version 10.0.102.
2026-02-08T20:43:10.4876051Z Installing workload manifest microsoft.net.workload.emscripten.current version 10.0.102...
2026-02-08T20:43:10.5550860Z Installing workload manifest microsoft.net.workload.emscripten.net6 version 10.0.102...
2026-02-08T20:43:10.6183359Z Installing workload manifest microsoft.net.workload.emscripten.net7 version 10.0.102...
2026-02-08T20:43:10.6868758Z Installing workload manifest microsoft.net.workload.emscripten.net8 version 10.0.102...
2026-02-08T20:43:10.7570595Z Installing workload manifest microsoft.net.workload.emscripten.net9 version 10.0.102...
2026-02-08T20:43:10.8204100Z Installing workload manifest microsoft.net.sdk.android version 36.1.12...
2026-02-08T20:43:10.8928931Z Installing workload manifest microsoft.net.sdk.ios version 26.2.10191...
2026-02-08T20:43:10.9658034Z Installing workload manifest microsoft.net.sdk.maccatalyst version 26.2.10191...
2026-02-08T20:43:11.0451328Z Installing workload manifest microsoft.net.sdk.macos version 26.2.10191...
2026-02-08T20:43:11.1305382Z Installing workload manifest microsoft.net.sdk.maui version 10.0.1...
2026-02-08T20:43:11.2080523Z Installing workload manifest microsoft.net.sdk.tvos version 26.2.10191...
2026-02-08T20:43:11.2806096Z Installing workload manifest microsoft.net.workload.mono.toolchain.current version 10.0.102...
2026-02-08T20:43:11.3522030Z Installing workload manifest microsoft.net.workload.mono.toolchain.net6 version 10.0.102...
2026-02-08T20:43:11.4224871Z Installing workload manifest microsoft.net.workload.mono.toolchain.net7 version 10.0.102...
2026-02-08T20:43:11.4930271Z Installing workload manifest microsoft.net.workload.mono.toolchain.net8 version 10.0.102...
2026-02-08T20:43:11.5588600Z Installing workload manifest microsoft.net.workload.mono.toolchain.net9 version 10.0.102...
2026-02-08T20:43:12.1527727Z Installing pack Microsoft.NETCore.App.Runtime.AOT.linux-x64.Cross.browser-wasm version 10.0.2...
2026-02-08T20:43:12.5024109Z Writing workload pack installation record for Microsoft.NETCore.App.Runtime.AOT.linux-x64.Cross.browser-wasm version 10.0.2...
2026-02-08T20:43:12.5522723Z Installing pack Microsoft.NET.Runtime.MonoTargets.Sdk version 10.0.2...
2026-02-08T20:43:12.5656341Z Writing workload pack installation record for Microsoft.NET.Runtime.MonoTargets.Sdk version 10.0.2...
2026-02-08T20:43:12.5666516Z Installing pack Microsoft.NET.Runtime.WebAssembly.Sdk version 10.0.2...
2026-02-08T20:43:12.6493192Z Writing workload pack installation record for Microsoft.NET.Runtime.WebAssembly.Sdk version 10.0.2...
2026-02-08T20:43:12.6494599Z Installing pack Microsoft.NET.Runtime.MonoAOTCompiler.Task version 10.0.2...
2026-02-08T20:43:12.6509413Z Writing workload pack installation record for Microsoft.NET.Runtime.MonoAOTCompiler.Task version 10.0.2...
2026-02-08T20:43:12.6511225Z Installing pack Microsoft.NET.Runtime.Emscripten.3.1.56.Node.linux-x64 version 10.0.2...
2026-02-08T20:43:12.8628679Z Writing workload pack installation record for Microsoft.NET.Runtime.Emscripten.3.1.56.Node.linux-x64 version 10.0.2...
2026-02-08T20:43:12.8630201Z Installing pack Microsoft.NET.Sdk.WebAssembly.Pack version 10.0.2...
2026-02-08T20:43:12.8671458Z Writing workload pack installation record for Microsoft.NET.Sdk.WebAssembly.Pack version 10.0.2...
2026-02-08T20:43:12.8678232Z Installing pack Microsoft.NETCore.App.Runtime.Mono.browser-wasm version 10.0.2...
2026-02-08T20:43:13.1180286Z Writing workload pack installation record for Microsoft.NETCore.App.Runtime.Mono.browser-wasm version 10.0.2...
2026-02-08T20:43:13.1182152Z Installing pack Microsoft.NET.Runtime.Emscripten.3.1.56.Cache.linux-x64 version 10.0.2...
2026-02-08T20:43:15.7866389Z Writing workload pack installation record for Microsoft.NET.Runtime.Emscripten.3.1.56.Cache.linux-x64 version 10.0.2...
2026-02-08T20:43:15.7874091Z Installing pack Microsoft.NET.Runtime.Emscripten.3.1.56.Sdk.linux-x64 version 10.0.2...
2026-02-08T20:43:23.0630798Z Writing workload pack installation record for Microsoft.NET.Runtime.Emscripten.3.1.56.Sdk.linux-x64 version 10.0.2...
2026-02-08T20:43:23.1042939Z Garbage collecting for SDK feature band(s) 8.0.100 8.0.200 8.0.300 8.0.400 9.0.100 9.0.200 9.0.300 10.0.100...
2026-02-08T20:43:23.1152869Z 
2026-02-08T20:43:23.1153769Z Successfully installed workload(s) wasm-tools.
2026-02-08T20:43:23.1154174Z 
2026-02-08T20:43:23.1945809Z ##[group]Run dotnet restore CollabsKus.BlazorWebAssembly/CollabsKus.BlazorWebAssembly.csproj
2026-02-08T20:43:23.1946512Z [36;1mdotnet restore CollabsKus.BlazorWebAssembly/CollabsKus.BlazorWebAssembly.csproj[0m
2026-02-08T20:43:23.1980895Z shell: /usr/bin/bash -e {0}
2026-02-08T20:43:23.1981136Z env:
2026-02-08T20:43:23.1981322Z   DOTNET_ROOT: /usr/share/dotnet
2026-02-08T20:43:23.1981566Z ##[endgroup]
2026-02-08T20:43:24.8613502Z   Determining projects to restore...
2026-02-08T20:43:27.7005379Z   Restored /home/runner/work/collabskus.github.io/collabskus.github.io/CollabsKus.BlazorWebAssembly/CollabsKus.BlazorWebAssembly.csproj (in 2.38 sec).
2026-02-08T20:43:27.7558450Z ##[group]Run dotnet build CollabsKus.BlazorWebAssembly/CollabsKus.BlazorWebAssembly.csproj --configuration Release --no-restore
2026-02-08T20:43:27.7559415Z [36;1mdotnet build CollabsKus.BlazorWebAssembly/CollabsKus.BlazorWebAssembly.csproj --configuration Release --no-restore[0m
2026-02-08T20:43:27.7591603Z shell: /usr/bin/bash -e {0}
2026-02-08T20:43:27.7591841Z env:
2026-02-08T20:43:27.7592017Z   DOTNET_ROOT: /usr/share/dotnet
2026-02-08T20:43:27.7592252Z ##[endgroup]
2026-02-08T20:43:37.3942890Z   CollabsKus.BlazorWebAssembly -> /home/runner/work/collabskus.github.io/collabskus.github.io/CollabsKus.BlazorWebAssembly/bin/Release/net10.0/CollabsKus.BlazorWebAssembly.dll
2026-02-08T20:43:37.3952184Z   CollabsKus.BlazorWebAssembly (Blazor output) -> /home/runner/work/collabskus.github.io/collabskus.github.io/CollabsKus.BlazorWebAssembly/bin/Release/net10.0/wwwroot
2026-02-08T20:43:37.4360235Z 
2026-02-08T20:43:37.4361020Z Build succeeded.
2026-02-08T20:43:37.4361980Z     0 Warning(s)
2026-02-08T20:43:37.4362340Z     0 Error(s)
2026-02-08T20:43:37.4362539Z 
2026-02-08T20:43:37.4362726Z Time Elapsed 00:00:09.43
2026-02-08T20:43:37.4676328Z ##[group]Run dotnet publish CollabsKus.BlazorWebAssembly/CollabsKus.BlazorWebAssembly.csproj \
2026-02-08T20:43:37.4677600Z [36;1mdotnet publish CollabsKus.BlazorWebAssembly/CollabsKus.BlazorWebAssembly.csproj \[0m
2026-02-08T20:43:37.4678678Z [36;1m  -c Release \[0m
2026-02-08T20:43:37.4679063Z [36;1m  -o publish \[0m
2026-02-08T20:43:37.4679451Z [36;1m  --no-build[0m
2026-02-08T20:43:37.4724806Z shell: /usr/bin/bash -e {0}
2026-02-08T20:43:37.4725205Z env:
2026-02-08T20:43:37.4725509Z   DOTNET_ROOT: /usr/share/dotnet
2026-02-08T20:43:37.4725935Z ##[endgroup]
2026-02-08T20:43:38.7032097Z   Optimizing assemblies for size may change the behavior of the app. Be sure to test after publishing. See: https://aka.ms/dotnet-illink
2026-02-08T20:43:38.7071610Z   Optimizing assemblies for size. This process might take a while.
2026-02-08T20:43:44.9831380Z   Optimizing assemblies for size may change the behavior of the app. Be sure to test after publishing. See: https://aka.ms/dotnet-illink
2026-02-08T20:43:45.7288592Z   Compiling native assets with /usr/share/dotnet/packs/Microsoft.NET.Runtime.Emscripten.3.1.56.Sdk.linux-x64/10.0.2/Sdk/../tools/emscripten/emcc with -Oz. This may take a while ...
2026-02-08T20:43:46.0706020Z   [1/4] pinvoke.c -> pinvoke.o [took 0.33s]
2026-02-08T20:43:46.1010651Z   [2/4] corebindings.c -> corebindings.o [took 0.36s]
2026-02-08T20:43:46.1165288Z   [3/4] runtime.c -> runtime.o [took 0.38s]
2026-02-08T20:43:46.1306584Z   [4/4] driver.c -> driver.o [took 0.39s]
2026-02-08T20:43:46.1382620Z   Linking for initial memory $(WasmInitialHeapSize)=33554432 bytes. Set this msbuild property to change the value.
2026-02-08T20:43:46.1385860Z   Linking with emcc with -O2. This may take a while ...
2026-02-08T20:43:46.2621452Z    /usr/share/dotnet/packs/Microsoft.NET.Runtime.Emscripten.3.1.56.Sdk.linux-x64/10.0.2/tools/bin/clang --version
2026-02-08T20:43:46.2820825Z    /usr/share/dotnet/packs/Microsoft.NET.Runtime.Emscripten.3.1.56.Node.linux-x64/10.0.2/tools/bin/node /usr/share/dotnet/packs/Microsoft.NET.Runtime.Emscripten.3.1.56.Sdk.linux-x64/10.0.2/tools/emscripten/src/compiler.mjs /tmp/tmpcdluojfy.json --symbols-only
2026-02-08T20:43:46.5612765Z    /usr/share/dotnet/packs/Microsoft.NET.Runtime.Emscripten.3.1.56.Sdk.linux-x64/10.0.2/tools/bin/wasm-ld -o /home/runner/work/collabskus.github.io/collabskus.github.io/CollabsKus.BlazorWebAssembly/obj/Release/net10.0/wasm/for-publish/dotnet.native.wasm /home/runner/work/collabskus.github.io/collabskus.github.io/CollabsKus.BlazorWebAssembly/obj/Release/net10.0/wasm/for-publish/pinvoke.o /home/runner/work/collabskus.github.io/collabskus.github.io/CollabsKus.BlazorWebAssembly/obj/Release/net10.0/wasm/for-publish/driver.o /home/runner/work/collabskus.github.io/collabskus.github.io/CollabsKus.BlazorWebAssembly/obj/Release/net10.0/wasm/for-publish/corebindings.o /home/runner/work/collabskus.github.io/collabskus.github.io/CollabsKus.BlazorWebAssembly/obj/Release/net10.0/wasm/for-publish/runtime.o /usr/share/dotnet/packs/Microsoft.NETCore.App.Runtime.Mono.browser-wasm/10.0.2/runtimes/browser-wasm/native/libbrotlicommon.a /usr/share/dotnet/packs/Microsoft.NETCore.App.Runtime.Mono.browser-wasm/10.0.2/runtimes/browser-wasm/native/libbrotlidec.a /usr/share/dotnet/packs/Microsoft.NETCore.App.Runtime.Mono.browser-wasm/10.0.2/runtimes/browser-wasm/native/libbrotlienc.a /usr/share/dotnet/packs/Microsoft.NETCore.App.Runtime.Mono.browser-wasm/10.0.2/runtimes/browser-wasm/native/libicudata.a /usr/share/dotnet/packs/Microsoft.NETCore.App.Runtime.Mono.browser-wasm/10.0.2/runtimes/browser-wasm/native/libicui18n.a /usr/share/dotnet/packs/Microsoft.NETCore.App.Runtime.Mono.browser-wasm/10.0.2/runtimes/browser-wasm/native/libicuuc.a /usr/share/dotnet/packs/Microsoft.NETCore.App.Runtime.Mono.browser-wasm/10.0.2/runtimes/browser-wasm/native/libmono-component-debugger-stub-static.a /usr/share/dotnet/packs/Microsoft.NETCore.App.Runtime.Mono.browser-wasm/10.0.2/runtimes/browser-wasm/native/libmono-component-diagnostics_tracing-stub-static.a /usr/share/dotnet/packs/Microsoft.NETCore.App.Runtime.Mono.browser-wasm/10.0.2/runtimes/browser-wasm/native/libmono-component-hot_reload-stub-static.a /usr/share/dotnet/packs/Microsoft.NETCore.App.Runtime.Mono.browser-wasm/10.0.2/runtimes/browser-wasm/native/libmono-component-marshal-ilgen-stub-static.a /usr/share/dotnet/packs/Microsoft.NETCore.App.Runtime.Mono.browser-wasm/10.0.2/runtimes/browser-wasm/native/libmono-ee-interp.a /usr/share/dotnet/packs/Microsoft.NETCore.App.Runtime.Mono.browser-wasm/10.0.2/runtimes/browser-wasm/native/libmono-icall-table.a /usr/share/dotnet/packs/Microsoft.NETCore.App.Runtime.Mono.browser-wasm/10.0.2/runtimes/browser-wasm/native/libmono-profiler-aot.a /usr/share/dotnet/packs/Microsoft.NETCore.App.Runtime.Mono.browser-wasm/10.0.2/runtimes/browser-wasm/native/libmono-profiler-browser.a /usr/share/dotnet/packs/Microsoft.NETCore.App.Runtime.Mono.browser-wasm/10.0.2/runtimes/browser-wasm/native/libmono-profiler-log.a /usr/share/dotnet/packs/Microsoft.NETCore.App.Runtime.Mono.browser-wasm/10.0.2/runtimes/browser-wasm/native/libmono-wasm-eh-wasm.a /usr/share/dotnet/packs/Microsoft.NETCore.App.Runtime.Mono.browser-wasm/10.0.2/runtimes/browser-wasm/native/libmono-wasm-simd.a /usr/share/dotnet/packs/Microsoft.NETCore.App.Runtime.Mono.browser-wasm/10.0.2/runtimes/browser-wasm/native/libmonosgen-2.0.a /usr/share/dotnet/packs/Microsoft.NETCore.App.Runtime.Mono.browser-wasm/10.0.2/runtimes/browser-wasm/native/libSystem.Globalization.Native.a /usr/share/dotnet/packs/Microsoft.NETCore.App.Runtime.Mono.browser-wasm/10.0.2/runtimes/browser-wasm/native/libSystem.IO.Compression.Native.a /usr/share/dotnet/packs/Microsoft.NETCore.App.Runtime.Mono.browser-wasm/10.0.2/runtimes/browser-wasm/native/libSystem.Native.a /usr/share/dotnet/packs/Microsoft.NETCore.App.Runtime.Mono.browser-wasm/10.0.2/runtimes/browser-wasm/native/libz.a /usr/share/dotnet/packs/Microsoft.NETCore.App.Runtime.Mono.browser-wasm/10.0.2/runtimes/browser-wasm/native/wasm-bundled-timezones.a -L/usr/share/dotnet/packs/Microsoft.NET.Runtime.Emscripten.3.1.56.Cache.linux-x64/10.0.2/tools/emscripten/cache/sysroot/lib/wasm32-emscripten -lGL-getprocaddr -lal -lhtml5 -lbulkmemory -lstubs -lc -ldlmalloc -lcompiler_rt-wasm-sjlj -lc++-except -lc++abi-except -lunwind-except -lsockets -mllvm -combiner-global-alias-analysis=false -mllvm -wasm-enable-sjlj -mllvm -disable-lsr -mllvm -wasm-enable-eh -mllvm -exception-model=wasm /tmp/tmpzwu313xzlibemscripten_js_symbols.so --export=free --export=htons --export=malloc --export=sbrk --export=memalign --export=posix_memalign --export=memset --export=ntohs --export=stackAlloc --export=stackRestore --export=stackSave --export=fmod --export=atan2 --export=fma --export=pow --export=fmodf --export=atan2f --export=fmaf --export=powf --export=asin --export=asinh --export=acos --export=acosh --export=atan --export=atanh --export=cbrt --export=cos --export=cosh --export=exp --export=log --export=log2 --export=log10 --export=sin --export=sinh --export=tan --export=tanh --export=asinf --export=asinhf --export=acosf --export=acoshf --export=atanf --export=atanhf --export=cbrtf --export=cosf --export=coshf --export=expf --export=logf --export=log2f --export=log10f --export=sinf --export=sinhf --export=tanf --export=tanhf --export=__cpp_exception --export=stackAlloc --export=__funcs_on_exit --export=__trap --export=__wasm_call_ctors --export=stackSave --export=stackRestore --export-if-defined=__start_em_asm --export-if-defined=__stop_em_asm --export-if-defined=__start_em_lib_deps --export-if-defined=__stop_em_lib_deps --export-if-defined=__start_em_js --export-if-defined=__stop_em_js --export-if-defined=fflush --export-table --growable-table -z stack-size=5242880 --max-memory=2147483648 --initial-memory=33554432 --no-entry --table-base=1 --global-base=1024
2026-02-08T20:43:46.8586766Z    /usr/share/dotnet/packs/Microsoft.NET.Runtime.Emscripten.3.1.56.Sdk.linux-x64/10.0.2/tools/bin/llvm-objcopy /home/runner/work/collabskus.github.io/collabskus.github.io/CollabsKus.BlazorWebAssembly/obj/Release/net10.0/wasm/for-publish/dotnet.native.wasm /home/runner/work/collabskus.github.io/collabskus.github.io/CollabsKus.BlazorWebAssembly/obj/Release/net10.0/wasm/for-publish/dotnet.native.wasm --remove-section=producers
2026-02-08T20:43:46.9023104Z    /usr/share/dotnet/packs/Microsoft.NET.Runtime.Emscripten.3.1.56.Node.linux-x64/10.0.2/tools/bin/node /usr/share/dotnet/packs/Microsoft.NET.Runtime.Emscripten.3.1.56.Sdk.linux-x64/10.0.2/tools/emscripten/src/compiler.mjs /tmp/tmp8fubmgnm.json
2026-02-08T20:43:47.1652797Z    /usr/share/dotnet/packs/Microsoft.NET.Runtime.Emscripten.3.1.56.Sdk.linux-x64/10.0.2/tools/bin/wasm-opt --strip-target-features --post-emscripten -O2 --low-memory-unused --zero-filled-memory --pass-arg=directize-initial-contents-immutable /home/runner/work/collabskus.github.io/collabskus.github.io/CollabsKus.BlazorWebAssembly/obj/Release/net10.0/wasm/for-publish/dotnet.native.wasm -o /home/runner/work/collabskus.github.io/collabskus.github.io/CollabsKus.BlazorWebAssembly/obj/Release/net10.0/wasm/for-publish/dotnet.native.wasm -g --mvp-features --enable-bulk-memory --enable-exception-handling --enable-multivalue --enable-mutable-globals --enable-reference-types --enable-sign-ext --enable-simd
2026-02-08T20:44:12.2716510Z   CollabsKus.BlazorWebAssembly -> /home/runner/work/collabskus.github.io/collabskus.github.io/publish/
2026-02-08T20:44:12.3110798Z ##[group]Run echo "=== Published files in wwwroot ==="
2026-02-08T20:44:12.3111212Z [36;1mecho "=== Published files in wwwroot ==="[0m
2026-02-08T20:44:12.3111503Z [36;1mls -la publish/wwwroot/[0m
2026-02-08T20:44:12.3111746Z [36;1mecho ""[0m
2026-02-08T20:44:12.3111970Z [36;1mecho "=== Files in _framework directory ==="[0m
2026-02-08T20:44:12.3112370Z [36;1mls -la publish/wwwroot/_framework/ || echo "No _framework directory"[0m
2026-02-08T20:44:12.3112721Z [36;1mecho ""[0m
2026-02-08T20:44:12.3112927Z [36;1mecho "=== Looking for blazor files ==="[0m
2026-02-08T20:44:12.3113249Z [36;1mfind publish/wwwroot -name "*blazor*" -type f[0m
2026-02-08T20:44:12.3144268Z shell: /usr/bin/bash -e {0}
2026-02-08T20:44:12.3144510Z env:
2026-02-08T20:44:12.3144696Z   DOTNET_ROOT: /usr/share/dotnet
2026-02-08T20:44:12.3144934Z ##[endgroup]
2026-02-08T20:44:12.3194974Z === Published files in wwwroot ===
2026-02-08T20:44:12.3209923Z total 128
2026-02-08T20:44:12.3210427Z drwxr-xr-x 5 runner runner  4096 Feb  8 20:44 .
2026-02-08T20:44:12.3211022Z drwxr-xr-x 3 runner runner  4096 Feb  8 20:44 ..
2026-02-08T20:44:12.3211666Z -rw-r--r-- 1 runner runner     0 Feb  8 20:43 .nojekyll
2026-02-08T20:44:12.3212575Z -rw-r--r-- 1 runner runner  5235 Feb  8 20:43 CollabsKus.BlazorWebAssembly.styles.css
2026-02-08T20:44:12.3213648Z -rw-r--r-- 1 runner runner  1017 Feb  8 20:43 CollabsKus.BlazorWebAssembly.styles.css.br
2026-02-08T20:44:12.3214670Z -rw-r--r-- 1 runner runner  1201 Feb  8 20:43 CollabsKus.BlazorWebAssembly.styles.css.gz
2026-02-08T20:44:12.3216044Z drwxr-xr-x 3 runner runner  4096 Feb  8 20:44 _content
2026-02-08T20:44:12.3216817Z drwxr-xr-x 2 runner runner 12288 Feb  8 20:44 _framework
2026-02-08T20:44:12.3217324Z -rw-r--r-- 1 runner runner     4 Feb  8 20:43 appsettings.json
2026-02-08T20:44:12.3217976Z -rw-r--r-- 1 runner runner     8 Feb  8 20:43 appsettings.json.br
2026-02-08T20:44:12.3218731Z -rw-r--r-- 1 runner runner    24 Feb  8 20:43 appsettings.json.gz
2026-02-08T20:44:12.3219468Z drwxr-xr-x 2 runner runner  4096 Feb  8 20:44 css
2026-02-08T20:44:12.3219827Z -rw-r--r-- 1 runner runner  1148 Feb  8 20:43 favicon.png
2026-02-08T20:44:12.3220230Z -rw-r--r-- 1 runner runner  2626 Feb  8 20:43 icon-192.png
2026-02-08T20:44:12.3220606Z -rw-r--r-- 1 runner runner  6311 Feb  8 20:43 icon-512.png
2026-02-08T20:44:12.3220965Z -rw-r--r-- 1 runner runner  1031 Feb  8 20:43 index.html
2026-02-08T20:44:12.3221328Z -rw-r--r-- 1 runner runner   368 Feb  8 20:43 index.html.br
2026-02-08T20:44:12.3221702Z -rw-r--r-- 1 runner runner   496 Feb  8 20:43 index.html.gz
2026-02-08T20:44:12.3222101Z -rw-r--r-- 1 runner runner   461 Feb  8 20:43 manifest.webmanifest
2026-02-08T20:44:12.3222550Z -rw-r--r-- 1 runner runner   194 Feb  8 20:43 manifest.webmanifest.br
2026-02-08T20:44:12.3222994Z -rw-r--r-- 1 runner runner   249 Feb  8 20:43 manifest.webmanifest.gz
2026-02-08T20:44:12.3223444Z -rw-r--r-- 1 runner runner  8200 Feb  8 20:43 service-worker-assets.js
2026-02-08T20:44:12.3223925Z -rw-r--r-- 1 runner runner  2897 Feb  8 20:43 service-worker-assets.js.br
2026-02-08T20:44:12.3224407Z -rw-r--r-- 1 runner runner  3085 Feb  8 20:43 service-worker-assets.js.gz
2026-02-08T20:44:12.3224849Z -rw-r--r-- 1 runner runner  2686 Feb  8 20:43 service-worker.js
2026-02-08T20:44:12.3225263Z -rw-r--r-- 1 runner runner   907 Feb  8 20:43 service-worker.js.br
2026-02-08T20:44:12.3225683Z -rw-r--r-- 1 runner runner  1078 Feb  8 20:43 service-worker.js.gz
2026-02-08T20:44:12.3225915Z 
2026-02-08T20:44:12.3226045Z === Files in _framework directory ===
2026-02-08T20:44:12.3234702Z total 15788
2026-02-08T20:44:12.3235151Z drwxr-xr-x 2 runner runner   12288 Feb  8 20:44 .
2026-02-08T20:44:12.3235769Z drwxr-xr-x 5 runner runner    4096 Feb  8 20:44 ..
2026-02-08T20:44:12.3236605Z -rw-r--r-- 1 runner runner   42261 Feb  8 20:43 CollabsKus.BlazorWebAssembly.hd3beuwxoy.wasm
2026-02-08T20:44:12.3237698Z -rw-r--r-- 1 runner runner   15684 Feb  8 20:43 CollabsKus.BlazorWebAssembly.hd3beuwxoy.wasm.br
2026-02-08T20:44:12.3239385Z -rw-r--r-- 1 runner runner   18760 Feb  8 20:43 CollabsKus.BlazorWebAssembly.hd3beuwxoy.wasm.gz
2026-02-08T20:44:12.3240534Z -rw-r--r-- 1 runner runner   57621 Feb  8 20:43 Microsoft.AspNetCore.Components.Web.6avfxro9u7.wasm
2026-02-08T20:44:12.3241572Z -rw-r--r-- 1 runner runner   19864 Feb  8 20:43 Microsoft.AspNetCore.Components.Web.6avfxro9u7.wasm.br
2026-02-08T20:44:12.3242277Z -rw-r--r-- 1 runner runner   23881 Feb  8 20:43 Microsoft.AspNetCore.Components.Web.6avfxro9u7.wasm.gz
2026-02-08T20:44:12.3242991Z -rw-r--r-- 1 runner runner  121109 Feb  8 20:43 Microsoft.AspNetCore.Components.WebAssembly.rp5gqlsdjc.wasm
2026-02-08T20:44:12.3243740Z -rw-r--r-- 1 runner runner   41069 Feb  8 20:43 Microsoft.AspNetCore.Components.WebAssembly.rp5gqlsdjc.wasm.br
2026-02-08T20:44:12.3244495Z -rw-r--r-- 1 runner runner   49291 Feb  8 20:43 Microsoft.AspNetCore.Components.WebAssembly.rp5gqlsdjc.wasm.gz
2026-02-08T20:44:12.3245201Z -rw-r--r-- 1 runner runner  254229 Feb  8 20:43 Microsoft.AspNetCore.Components.oze3dlx0b9.wasm
2026-02-08T20:44:12.3245844Z -rw-r--r-- 1 runner runner   91481 Feb  8 20:43 Microsoft.AspNetCore.Components.oze3dlx0b9.wasm.br
2026-02-08T20:44:12.3246480Z -rw-r--r-- 1 runner runner  107976 Feb  8 20:43 Microsoft.AspNetCore.Components.oze3dlx0b9.wasm.gz
2026-02-08T20:44:12.3247168Z -rw-r--r-- 1 runner runner   56085 Feb  8 20:43 Microsoft.DotNet.HotReload.WebAssembly.Browser.u1l3a5juxx.wasm
2026-02-08T20:44:12.3248255Z -rw-r--r-- 1 runner runner   21167 Feb  8 20:43 Microsoft.DotNet.HotReload.WebAssembly.Browser.u1l3a5juxx.wasm.br
2026-02-08T20:44:12.3249028Z -rw-r--r-- 1 runner runner   25000 Feb  8 20:43 Microsoft.DotNet.HotReload.WebAssembly.Browser.u1l3a5juxx.wasm.gz
2026-02-08T20:44:12.3249715Z -rw-r--r-- 1 runner runner    8981 Feb  8 20:43 Microsoft.Extensions.Configuration.33kpvunugc.wasm
2026-02-08T20:44:12.3250385Z -rw-r--r-- 1 runner runner    3642 Feb  8 20:43 Microsoft.Extensions.Configuration.33kpvunugc.wasm.br
2026-02-08T20:44:12.3251265Z -rw-r--r-- 1 runner runner    4224 Feb  8 20:43 Microsoft.Extensions.Configuration.33kpvunugc.wasm.gz
2026-02-08T20:44:12.3252051Z -rw-r--r-- 1 runner runner    6933 Feb  8 20:43 Microsoft.Extensions.Configuration.Abstractions.vydvg25cgq.wasm
2026-02-08T20:44:12.3253233Z -rw-r--r-- 1 runner runner    2371 Feb  8 20:43 Microsoft.Extensions.Configuration.Abstractions.vydvg25cgq.wasm.br
2026-02-08T20:44:12.3254287Z -rw-r--r-- 1 runner runner    2707 Feb  8 20:43 Microsoft.Extensions.Configuration.Abstractions.vydvg25cgq.wasm.gz
2026-02-08T20:44:12.3255029Z -rw-r--r-- 1 runner runner   10517 Feb  8 20:43 Microsoft.Extensions.Configuration.Json.dsinhvif0g.wasm
2026-02-08T20:44:12.3255732Z -rw-r--r-- 1 runner runner    4193 Feb  8 20:43 Microsoft.Extensions.Configuration.Json.dsinhvif0g.wasm.br
2026-02-08T20:44:12.3256869Z -rw-r--r-- 1 runner runner    4858 Feb  8 20:43 Microsoft.Extensions.Configuration.Json.dsinhvif0g.wasm.gz
2026-02-08T20:44:12.3257710Z -rw-r--r-- 1 runner runner   46869 Feb  8 20:43 Microsoft.Extensions.DependencyInjection.3snpc8ocur.wasm
2026-02-08T20:44:12.3258760Z -rw-r--r-- 1 runner runner   19489 Feb  8 20:43 Microsoft.Extensions.DependencyInjection.3snpc8ocur.wasm.br
2026-02-08T20:44:12.3259487Z -rw-r--r-- 1 runner runner   22683 Feb  8 20:43 Microsoft.Extensions.DependencyInjection.3snpc8ocur.wasm.gz
2026-02-08T20:44:12.3260267Z -rw-r--r-- 1 runner runner   26389 Feb  8 20:43 Microsoft.Extensions.DependencyInjection.Abstractions.u692jfxsqg.wasm
2026-02-08T20:44:12.3261103Z -rw-r--r-- 1 runner runner   10062 Feb  8 20:43 Microsoft.Extensions.DependencyInjection.Abstractions.u692jfxsqg.wasm.br
2026-02-08T20:44:12.3261943Z -rw-r--r-- 1 runner runner   11717 Feb  8 20:43 Microsoft.Extensions.DependencyInjection.Abstractions.u692jfxsqg.wasm.gz
2026-02-08T20:44:12.3262711Z -rw-r--r-- 1 runner runner   27413 Feb  8 20:43 Microsoft.Extensions.Logging.Abstractions.hfhvk7xb6w.wasm
2026-02-08T20:44:12.3263423Z -rw-r--r-- 1 runner runner   11010 Feb  8 20:43 Microsoft.Extensions.Logging.Abstractions.hfhvk7xb6w.wasm.br
2026-02-08T20:44:12.3264312Z -rw-r--r-- 1 runner runner   12900 Feb  8 20:43 Microsoft.Extensions.Logging.Abstractions.hfhvk7xb6w.wasm.gz
2026-02-08T20:44:12.3264991Z -rw-r--r-- 1 runner runner   17685 Feb  8 20:43 Microsoft.Extensions.Logging.efb40z18hz.wasm
2026-02-08T20:44:12.3265593Z -rw-r--r-- 1 runner runner    7621 Feb  8 20:43 Microsoft.Extensions.Logging.efb40z18hz.wasm.br
2026-02-08T20:44:12.3266194Z -rw-r--r-- 1 runner runner    8843 Feb  8 20:43 Microsoft.Extensions.Logging.efb40z18hz.wasm.gz
2026-02-08T20:44:12.3266781Z -rw-r--r-- 1 runner runner   17173 Feb  8 20:43 Microsoft.Extensions.Options.hpxn5zhjfy.wasm
2026-02-08T20:44:12.3267380Z -rw-r--r-- 1 runner runner    7152 Feb  8 20:43 Microsoft.Extensions.Options.hpxn5zhjfy.wasm.br
2026-02-08T20:44:12.3268190Z -rw-r--r-- 1 runner runner    8284 Feb  8 20:43 Microsoft.Extensions.Options.hpxn5zhjfy.wasm.gz
2026-02-08T20:44:12.3268799Z -rw-r--r-- 1 runner runner   11541 Feb  8 20:43 Microsoft.Extensions.Primitives.cpcl4kfg57.wasm
2026-02-08T20:44:12.3269435Z -rw-r--r-- 1 runner runner    4566 Feb  8 20:43 Microsoft.Extensions.Primitives.cpcl4kfg57.wasm.br
2026-02-08T20:44:12.3270058Z -rw-r--r-- 1 runner runner    5264 Feb  8 20:43 Microsoft.Extensions.Primitives.cpcl4kfg57.wasm.gz
2026-02-08T20:44:12.3270672Z -rw-r--r-- 1 runner runner   12053 Feb  8 20:43 Microsoft.JSInterop.WebAssembly.58jjh3bwur.wasm
2026-02-08T20:44:12.3271286Z -rw-r--r-- 1 runner runner    4902 Feb  8 20:43 Microsoft.JSInterop.WebAssembly.58jjh3bwur.wasm.br
2026-02-08T20:44:12.3271909Z -rw-r--r-- 1 runner runner    5751 Feb  8 20:43 Microsoft.JSInterop.WebAssembly.58jjh3bwur.wasm.gz
2026-02-08T20:44:12.3272482Z -rw-r--r-- 1 runner runner   45845 Feb  8 20:43 Microsoft.JSInterop.betqyv1awt.wasm
2026-02-08T20:44:12.3273047Z -rw-r--r-- 1 runner runner   18260 Feb  8 20:43 Microsoft.JSInterop.betqyv1awt.wasm.br
2026-02-08T20:44:12.3273596Z -rw-r--r-- 1 runner runner   21116 Feb  8 20:43 Microsoft.JSInterop.betqyv1awt.wasm.gz
2026-02-08T20:44:12.3274303Z -rw-r--r-- 1 runner runner   20757 Feb  8 20:43 System.Collections.Concurrent.epf6hbxn1o.wasm
2026-02-08T20:44:12.3274915Z -rw-r--r-- 1 runner runner    8677 Feb  8 20:43 System.Collections.Concurrent.epf6hbxn1o.wasm.br
2026-02-08T20:44:12.3275522Z -rw-r--r-- 1 runner runner    9748 Feb  8 20:43 System.Collections.Concurrent.epf6hbxn1o.wasm.gz
2026-02-08T20:44:12.3276118Z -rw-r--r-- 1 runner runner   50965 Feb  8 20:43 System.Collections.Immutable.9pfelrjwtf.wasm
2026-02-08T20:44:12.3276711Z -rw-r--r-- 1 runner runner   19142 Feb  8 20:43 System.Collections.Immutable.9pfelrjwtf.wasm.br
2026-02-08T20:44:12.3277315Z -rw-r--r-- 1 runner runner   22548 Feb  8 20:43 System.Collections.Immutable.9pfelrjwtf.wasm.gz
2026-02-08T20:44:12.3278082Z -rw-r--r-- 1 runner runner   22293 Feb  8 20:43 System.Collections.pokpmhgvt8.wasm
2026-02-08T20:44:12.3278648Z -rw-r--r-- 1 runner runner    8963 Feb  8 20:43 System.Collections.pokpmhgvt8.wasm.br
2026-02-08T20:44:12.3279198Z -rw-r--r-- 1 runner runner   10190 Feb  8 20:43 System.Collections.pokpmhgvt8.wasm.gz
2026-02-08T20:44:12.3279740Z -rw-r--r-- 1 runner runner    4885 Feb  8 20:43 System.ComponentModel.zvpmoupymb.wasm
2026-02-08T20:44:12.3280286Z -rw-r--r-- 1 runner runner    1705 Feb  8 20:43 System.ComponentModel.zvpmoupymb.wasm.br
2026-02-08T20:44:12.3280836Z -rw-r--r-- 1 runner runner    1938 Feb  8 20:43 System.ComponentModel.zvpmoupymb.wasm.gz
2026-02-08T20:44:12.3281371Z -rw-r--r-- 1 runner runner   14613 Feb  8 20:43 System.Console.4xbni2kq7l.wasm
2026-02-08T20:44:12.3281876Z -rw-r--r-- 1 runner runner    6236 Feb  8 20:43 System.Console.4xbni2kq7l.wasm.br
2026-02-08T20:44:12.3282374Z -rw-r--r-- 1 runner runner    7271 Feb  8 20:43 System.Console.4xbni2kq7l.wasm.gz
2026-02-08T20:44:12.3282952Z -rw-r--r-- 1 runner runner   39701 Feb  8 20:43 System.Diagnostics.DiagnosticSource.vtx3wlqwql.wasm
2026-02-08T20:44:12.3283609Z -rw-r--r-- 1 runner runner   16559 Feb  8 20:43 System.Diagnostics.DiagnosticSource.vtx3wlqwql.wasm.br
2026-02-08T20:44:12.3284417Z -rw-r--r-- 1 runner runner   19175 Feb  8 20:43 System.Diagnostics.DiagnosticSource.vtx3wlqwql.wasm.gz
2026-02-08T20:44:12.3285022Z -rw-r--r-- 1 runner runner    5909 Feb  8 20:43 System.IO.Pipelines.5ujx8ulk75.wasm
2026-02-08T20:44:12.3285551Z -rw-r--r-- 1 runner runner    2349 Feb  8 20:43 System.IO.Pipelines.5ujx8ulk75.wasm.br
2026-02-08T20:44:12.3286083Z -rw-r--r-- 1 runner runner    2733 Feb  8 20:43 System.IO.Pipelines.5ujx8ulk75.wasm.gz
2026-02-08T20:44:12.3286589Z -rw-r--r-- 1 runner runner   32533 Feb  8 20:43 System.Linq.pyrzqtslo7.wasm
2026-02-08T20:44:12.3287080Z -rw-r--r-- 1 runner runner   13332 Feb  8 20:43 System.Linq.pyrzqtslo7.wasm.br
2026-02-08T20:44:12.3287563Z -rw-r--r-- 1 runner runner   15643 Feb  8 20:43 System.Linq.pyrzqtslo7.wasm.gz
2026-02-08T20:44:12.3288328Z -rw-r--r-- 1 runner runner   14613 Feb  8 20:43 System.Memory.j3p0152ymq.wasm
2026-02-08T20:44:12.3288817Z -rw-r--r-- 1 runner runner    6142 Feb  8 20:43 System.Memory.j3p0152ymq.wasm.br
2026-02-08T20:44:12.3289300Z -rw-r--r-- 1 runner runner    6924 Feb  8 20:43 System.Memory.j3p0152ymq.wasm.gz
2026-02-08T20:44:12.3289819Z -rw-r--r-- 1 runner runner   17685 Feb  8 20:43 System.Net.Http.Json.ejqnth2elm.wasm
2026-02-08T20:44:12.3290359Z -rw-r--r-- 1 runner runner    7370 Feb  8 20:43 System.Net.Http.Json.ejqnth2elm.wasm.br
2026-02-08T20:44:12.3290892Z -rw-r--r-- 1 runner runner    8484 Feb  8 20:43 System.Net.Http.Json.ejqnth2elm.wasm.gz
2026-02-08T20:44:12.3291410Z -rw-r--r-- 1 runner runner  142613 Feb  8 20:43 System.Net.Http.p6eruwmy8e.wasm
2026-02-08T20:44:12.3291921Z -rw-r--r-- 1 runner runner   53769 Feb  8 20:43 System.Net.Http.p6eruwmy8e.wasm.br
2026-02-08T20:44:12.3292432Z -rw-r--r-- 1 runner runner   63388 Feb  8 20:43 System.Net.Http.p6eruwmy8e.wasm.gz
2026-02-08T20:44:12.3292951Z -rw-r--r-- 1 runner runner    7445 Feb  8 20:43 System.Net.Primitives.aficcbn7zu.wasm
2026-02-08T20:44:12.3293497Z -rw-r--r-- 1 runner runner    2899 Feb  8 20:43 System.Net.Primitives.aficcbn7zu.wasm.br
2026-02-08T20:44:12.3294101Z -rw-r--r-- 1 runner runner    3399 Feb  8 20:43 System.Net.Primitives.aficcbn7zu.wasm.gz
2026-02-08T20:44:12.3294788Z -rw-r--r-- 1 runner runner 1660181 Feb  8 20:43 System.Private.CoreLib.qcnc8who53.wasm
2026-02-08T20:44:12.3295348Z -rw-r--r-- 1 runner runner  520097 Feb  8 20:43 System.Private.CoreLib.qcnc8who53.wasm.br
2026-02-08T20:44:12.3295913Z -rw-r--r-- 1 runner runner  645029 Feb  8 20:43 System.Private.CoreLib.qcnc8who53.wasm.gz
2026-02-08T20:44:12.3296444Z -rw-r--r-- 1 runner runner   66837 Feb  8 20:43 System.Private.Uri.mh816ehudy.wasm
2026-02-08T20:44:12.3296965Z -rw-r--r-- 1 runner runner   26951 Feb  8 20:43 System.Private.Uri.mh816ehudy.wasm.br
2026-02-08T20:44:12.3297489Z -rw-r--r-- 1 runner runner   30700 Feb  8 20:43 System.Private.Uri.mh816ehudy.wasm.gz
2026-02-08T20:44:12.3298321Z -rw-r--r-- 1 runner runner   43797 Feb  8 20:43 System.Runtime.InteropServices.JavaScript.yzg2xf6fe9.wasm
2026-02-08T20:44:12.3299077Z -rw-r--r-- 1 runner runner   16897 Feb  8 20:43 System.Runtime.InteropServices.JavaScript.yzg2xf6fe9.wasm.br
2026-02-08T20:44:12.3299814Z -rw-r--r-- 1 runner runner   19904 Feb  8 20:43 System.Runtime.InteropServices.JavaScript.yzg2xf6fe9.wasm.gz
2026-02-08T20:44:12.3300444Z -rw-r--r-- 1 runner runner    4885 Feb  8 20:43 System.Runtime.Loader.yzdk6fsp4v.wasm
2026-02-08T20:44:12.3300987Z -rw-r--r-- 1 runner runner    1680 Feb  8 20:43 System.Runtime.Loader.yzdk6fsp4v.wasm.br
2026-02-08T20:44:12.3301547Z -rw-r--r-- 1 runner runner    1899 Feb  8 20:43 System.Runtime.Loader.yzdk6fsp4v.wasm.gz
2026-02-08T20:44:12.3302061Z -rw-r--r-- 1 runner runner    8981 Feb  8 20:43 System.Runtime.aky6taf77q.wasm
2026-02-08T20:44:12.3302562Z -rw-r--r-- 1 runner runner    2915 Feb  8 20:43 System.Runtime.aky6taf77q.wasm.br
2026-02-08T20:44:12.3303058Z -rw-r--r-- 1 runner runner    3427 Feb  8 20:43 System.Runtime.aky6taf77q.wasm.gz
2026-02-08T20:44:12.3303618Z -rw-r--r-- 1 runner runner   20757 Feb  8 20:43 System.Security.Cryptography.js9a235qw5.wasm
2026-02-08T20:44:12.3304231Z -rw-r--r-- 1 runner runner    8236 Feb  8 20:43 System.Security.Cryptography.js9a235qw5.wasm.br
2026-02-08T20:44:12.3304961Z -rw-r--r-- 1 runner runner    9729 Feb  8 20:43 System.Security.Cryptography.js9a235qw5.wasm.gz
2026-02-08T20:44:12.3305551Z -rw-r--r-- 1 runner runner   30485 Feb  8 20:43 System.Text.Encodings.Web.ttipjdru9a.wasm
2026-02-08T20:44:12.3306129Z -rw-r--r-- 1 runner runner    9931 Feb  8 20:43 System.Text.Encodings.Web.ttipjdru9a.wasm.br
2026-02-08T20:44:12.3306706Z -rw-r--r-- 1 runner runner   11550 Feb  8 20:43 System.Text.Encodings.Web.ttipjdru9a.wasm.gz
2026-02-08T20:44:12.3307244Z -rw-r--r-- 1 runner runner  377109 Feb  8 20:43 System.Text.Json.1drt9dicm2.wasm
2026-02-08T20:44:12.3307752Z -rw-r--r-- 1 runner runner  126594 Feb  8 20:43 System.Text.Json.1drt9dicm2.wasm.br
2026-02-08T20:44:12.3308526Z -rw-r--r-- 1 runner runner  152560 Feb  8 20:43 System.Text.Json.1drt9dicm2.wasm.gz
2026-02-08T20:44:12.3309094Z -rw-r--r-- 1 runner runner   16149 Feb  8 20:43 System.Text.RegularExpressions.2d455bbq8f.wasm
2026-02-08T20:44:12.3309718Z -rw-r--r-- 1 runner runner    7085 Feb  8 20:43 System.Text.RegularExpressions.2d455bbq8f.wasm.br
2026-02-08T20:44:12.3310332Z -rw-r--r-- 1 runner runner    8167 Feb  8 20:43 System.Text.RegularExpressions.2d455bbq8f.wasm.gz
2026-02-08T20:44:12.3310875Z -rw-r--r-- 1 runner runner   12053 Feb  8 20:43 System.Threading.yumfdtk9br.wasm
2026-02-08T20:44:12.3311379Z -rw-r--r-- 1 runner runner    3747 Feb  8 20:43 System.Threading.yumfdtk9br.wasm.br
2026-02-08T20:44:12.3311893Z -rw-r--r-- 1 runner runner    4405 Feb  8 20:43 System.Threading.yumfdtk9br.wasm.gz
2026-02-08T20:44:12.3312392Z -rwxr--r-- 1 runner runner   60278 Dec 12 17:39 blazor.webassembly.66stpp682q.js
2026-02-08T20:44:12.3312905Z -rw-r--r-- 1 runner runner   16696 Feb  8 20:43 blazor.webassembly.66stpp682q.js.br
2026-02-08T20:44:12.3313409Z -rw-r--r-- 1 runner runner   18853 Feb  8 20:43 blazor.webassembly.66stpp682q.js.gz
2026-02-08T20:44:12.3313914Z -rwxr-xr-x 1 runner runner 2904632 Feb  8 20:43 dotnet.native.e52tz8d71s.wasm
2026-02-08T20:44:12.3314563Z -rw-r--r-- 1 runner runner  930861 Feb  8 20:44 dotnet.native.e52tz8d71s.wasm.br
2026-02-08T20:44:12.3315052Z -rw-r--r-- 1 runner runner 1152132 Feb  8 20:43 dotnet.native.e52tz8d71s.wasm.gz
2026-02-08T20:44:12.3315540Z -rw-r--r-- 1 runner runner  215451 Feb  8 20:43 dotnet.native.pfhp029mhg.js
2026-02-08T20:44:12.3316023Z -rw-r--r-- 1 runner runner   42678 Feb  8 20:43 dotnet.native.pfhp029mhg.js.br
2026-02-08T20:44:12.3316506Z -rw-r--r-- 1 runner runner   51202 Feb  8 20:43 dotnet.native.pfhp029mhg.js.gz
2026-02-08T20:44:12.3316982Z -rwxr--r-- 1 runner runner  198479 Dec 12 16:02 dotnet.runtime.2tx45g8lli.js
2026-02-08T20:44:12.3317468Z -rw-r--r-- 1 runner runner   47833 Feb  8 20:44 dotnet.runtime.2tx45g8lli.js.br
2026-02-08T20:44:12.3318154Z -rw-r--r-- 1 runner runner   57290 Feb  8 20:43 dotnet.runtime.2tx45g8lli.js.gz
2026-02-08T20:44:12.3318611Z -rw-r--r-- 1 runner runner   51424 Feb  8 20:43 dotnet.xziaevxkgp.js
2026-02-08T20:44:12.3319047Z -rw-r--r-- 1 runner runner   13650 Feb  8 20:43 dotnet.xziaevxkgp.js.br
2026-02-08T20:44:12.3319490Z -rw-r--r-- 1 runner runner   15507 Feb  8 20:43 dotnet.xziaevxkgp.js.gz
2026-02-08T20:44:12.3319937Z -rwxr--r-- 1 runner runner  956416 Nov 14 11:29 icudt_CJK.tjcz0u77k5.dat
2026-02-08T20:44:12.3320387Z -rw-r--r-- 1 runner runner  248840 Feb  8 20:44 icudt_CJK.tjcz0u77k5.dat.br
2026-02-08T20:44:12.3320844Z -rw-r--r-- 1 runner runner  359741 Feb  8 20:43 icudt_CJK.tjcz0u77k5.dat.gz
2026-02-08T20:44:12.3321301Z -rwxr--r-- 1 runner runner  550832 Nov 14 11:29 icudt_EFIGS.tptq2av103.dat
2026-02-08T20:44:12.3321763Z -rw-r--r-- 1 runner runner  143983 Feb  8 20:44 icudt_EFIGS.tptq2av103.dat.br
2026-02-08T20:44:12.3322229Z -rw-r--r-- 1 runner runner  220093 Feb  8 20:43 icudt_EFIGS.tptq2av103.dat.gz
2026-02-08T20:44:12.3322686Z -rwxr--r-- 1 runner runner 1107168 Nov 14 11:29 icudt_no_CJK.lfu7j35m59.dat
2026-02-08T20:44:12.3323154Z -rw-r--r-- 1 runner runner  222250 Feb  8 20:44 icudt_no_CJK.lfu7j35m59.dat.br
2026-02-08T20:44:12.3323617Z -rw-r--r-- 1 runner runner  347783 Feb  8 20:43 icudt_no_CJK.lfu7j35m59.dat.gz
2026-02-08T20:44:12.3324001Z 
2026-02-08T20:44:12.3324112Z === Looking for blazor files ===
2026-02-08T20:44:12.3324465Z publish/wwwroot/_framework/blazor.webassembly.66stpp682q.js.br
2026-02-08T20:44:12.3324891Z publish/wwwroot/_framework/blazor.webassembly.66stpp682q.js
2026-02-08T20:44:12.3325316Z publish/wwwroot/_framework/blazor.webassembly.66stpp682q.js.gz
2026-02-08T20:44:12.3369017Z ##[group]Run # Detect if this is a user site or project site
2026-02-08T20:44:12.3369467Z [36;1m# Detect if this is a user site or project site[0m
2026-02-08T20:44:12.3369798Z [36;1mREPO_NAME="collabskus.github.io"[0m
2026-02-08T20:44:12.3370063Z [36;1mREPO_OWNER="collabskus"[0m
2026-02-08T20:44:12.3370302Z [36;1m[0m
2026-02-08T20:44:12.3370532Z [36;1mif [[ "$REPO_NAME" == "$REPO_OWNER.github.io" ]]; then[0m
2026-02-08T20:44:12.3370833Z [36;1m  BASE_PATH="/"[0m
2026-02-08T20:44:12.3371107Z [36;1m  echo "User/org site detected, using base path: /"[0m
2026-02-08T20:44:12.3371409Z [36;1melse[0m
2026-02-08T20:44:12.3371594Z [36;1m  BASE_PATH="/$REPO_NAME/"[0m
2026-02-08T20:44:12.3371915Z [36;1m  echo "Project site detected, using base path: /$REPO_NAME/"[0m
2026-02-08T20:44:12.3372227Z [36;1mfi[0m
2026-02-08T20:44:12.3372394Z [36;1m[0m
2026-02-08T20:44:12.3372590Z [36;1mecho "Updating base href to: $BASE_PATH"[0m
2026-02-08T20:44:12.3373052Z [36;1msed -i "s|<base href=\"/\" />|<base href=\"$BASE_PATH\" />|g" publish/wwwroot/index.html[0m
2026-02-08T20:44:12.3373427Z [36;1m[0m
2026-02-08T20:44:12.3373605Z [36;1mecho "Verifying change:"[0m
2026-02-08T20:44:12.3373879Z [36;1mgrep "<base href=" publish/wwwroot/index.html[0m
2026-02-08T20:44:12.3403635Z shell: /usr/bin/bash -e {0}
2026-02-08T20:44:12.3403891Z env:
2026-02-08T20:44:12.3404072Z   DOTNET_ROOT: /usr/share/dotnet
2026-02-08T20:44:12.3404317Z ##[endgroup]
2026-02-08T20:44:12.3452911Z User/org site detected, using base path: /
2026-02-08T20:44:12.3453501Z Updating base href to: /
2026-02-08T20:44:12.3468803Z Verifying change:
2026-02-08T20:44:12.3480510Z     <base href="/" />
2026-02-08T20:44:12.3522779Z ##[group]Run touch publish/wwwroot/.nojekyll
2026-02-08T20:44:12.3523117Z [36;1mtouch publish/wwwroot/.nojekyll[0m
2026-02-08T20:44:12.3550610Z shell: /usr/bin/bash -e {0}
2026-02-08T20:44:12.3550843Z env:
2026-02-08T20:44:12.3551029Z   DOTNET_ROOT: /usr/share/dotnet
2026-02-08T20:44:12.3551250Z ##[endgroup]
2026-02-08T20:44:12.3693169Z ##[group]Run actions/upload-pages-artifact@v4
2026-02-08T20:44:12.3693493Z with:
2026-02-08T20:44:12.3693673Z   path: publish/wwwroot
2026-02-08T20:44:12.3693882Z   name: github-pages
2026-02-08T20:44:12.3694075Z   retention-days: 1
2026-02-08T20:44:12.3694254Z env:
2026-02-08T20:44:12.3694422Z   DOTNET_ROOT: /usr/share/dotnet
2026-02-08T20:44:12.3694649Z ##[endgroup]
2026-02-08T20:44:12.3779254Z ##[group]Run echo ::group::Archive artifact
2026-02-08T20:44:12.3779565Z [36;1mecho ::group::Archive artifact[0m
2026-02-08T20:44:12.3779814Z [36;1mtar \[0m
2026-02-08T20:44:12.3780053Z [36;1m  --dereference --hard-dereference \[0m
2026-02-08T20:44:12.3780339Z [36;1m  --directory "$INPUT_PATH" \[0m
2026-02-08T20:44:12.3780613Z [36;1m  -cvf "$RUNNER_TEMP/artifact.tar" \[0m
2026-02-08T20:44:12.3780882Z [36;1m  --exclude=.git \[0m
2026-02-08T20:44:12.3781101Z [36;1m  --exclude=.github \[0m
2026-02-08T20:44:12.3781325Z [36;1m  --exclude=".[^/]*" \[0m
2026-02-08T20:44:12.3781558Z [36;1m  .[0m
2026-02-08T20:44:12.3781735Z [36;1mecho ::endgroup::[0m
2026-02-08T20:44:12.3983606Z shell: /usr/bin/sh -e {0}
2026-02-08T20:44:12.3983938Z env:
2026-02-08T20:44:12.3984191Z   DOTNET_ROOT: /usr/share/dotnet
2026-02-08T20:44:12.3984543Z   INPUT_PATH: publish/wwwroot
2026-02-08T20:44:12.3984852Z ##[endgroup]
2026-02-08T20:44:12.4049754Z ##[group]Archive artifact
2026-02-08T20:44:12.4066588Z ./
2026-02-08T20:44:12.4066947Z ./appsettings.json.br
2026-02-08T20:44:12.4067306Z ./index.html
2026-02-08T20:44:12.4067676Z ./service-worker-assets.js
2026-02-08T20:44:12.4068322Z ./manifest.webmanifest
2026-02-08T20:44:12.4068710Z ./index.html.br
2026-02-08T20:44:12.4069063Z ./appsettings.json.gz
2026-02-08T20:44:12.4069460Z ./service-worker-assets.js.br
2026-02-08T20:44:12.4069889Z ./service-worker-assets.js.gz
2026-02-08T20:44:12.4070263Z ./index.html.gz
2026-02-08T20:44:12.4070572Z ./favicon.png
2026-02-08T20:44:12.4070868Z ./css/
2026-02-08T20:44:12.4071159Z ./css/app.css.br
2026-02-08T20:44:12.4071482Z ./css/app.css
2026-02-08T20:44:12.4071789Z ./css/app.css.gz
2026-02-08T20:44:12.4072089Z ./_framework/
2026-02-08T20:44:12.4072471Z ./_framework/icudt_EFIGS.tptq2av103.dat.br
2026-02-08T20:44:12.4073192Z ./_framework/System.Security.Cryptography.js9a235qw5.wasm.gz
2026-02-08T20:44:12.4073902Z ./_framework/System.Runtime.aky6taf77q.wasm.br
2026-02-08T20:44:12.4074536Z ./_framework/System.ComponentModel.zvpmoupymb.wasm.gz
2026-02-08T20:44:12.4075181Z ./_framework/System.Net.Http.Json.ejqnth2elm.wasm
2026-02-08T20:44:12.4075931Z ./_framework/Microsoft.AspNetCore.Components.oze3dlx0b9.wasm.gz
2026-02-08T20:44:12.4076919Z ./_framework/Microsoft.DotNet.HotReload.WebAssembly.Browser.u1l3a5juxx.wasm.gz
2026-02-08T20:44:12.4077773Z ./_framework/System.Linq.pyrzqtslo7.wasm
2026-02-08T20:44:12.4078685Z ./_framework/Microsoft.Extensions.Options.hpxn5zhjfy.wasm.br
2026-02-08T20:44:12.4079422Z ./_framework/Microsoft.JSInterop.betqyv1awt.wasm.gz
2026-02-08T20:44:12.4080274Z ./_framework/Microsoft.Extensions.Logging.Abstractions.hfhvk7xb6w.wasm.gz
2026-02-08T20:44:12.4081202Z ./_framework/Microsoft.AspNetCore.Components.oze3dlx0b9.wasm.br
2026-02-08T20:44:12.4081922Z ./_framework/System.Text.Json.1drt9dicm2.wasm.gz
2026-02-08T20:44:12.4082548Z ./_framework/System.Private.CoreLib.qcnc8who53.wasm
2026-02-08T20:44:12.4096773Z ./_framework/System.Text.RegularExpressions.2d455bbq8f.wasm.br
2026-02-08T20:44:12.4097475Z ./_framework/icudt_CJK.tjcz0u77k5.dat.br
2026-02-08T20:44:12.4100085Z ./_framework/Microsoft.Extensions.Logging.efb40z18hz.wasm
2026-02-08T20:44:12.4100935Z ./_framework/Microsoft.Extensions.Primitives.cpcl4kfg57.wasm.br
2026-02-08T20:44:12.4101831Z ./_framework/dotnet.native.e52tz8d71s.wasm
2026-02-08T20:44:12.4127015Z ./_framework/Microsoft.JSInterop.WebAssembly.58jjh3bwur.wasm
2026-02-08T20:44:12.4127740Z ./_framework/dotnet.native.pfhp029mhg.js.br
2026-02-08T20:44:12.4128479Z ./_framework/dotnet.native.e52tz8d71s.wasm.br
2026-02-08T20:44:12.4137314Z ./_framework/Microsoft.JSInterop.betqyv1awt.wasm
2026-02-08T20:44:12.4138324Z ./_framework/dotnet.runtime.2tx45g8lli.js.br
2026-02-08T20:44:12.4138979Z ./_framework/System.IO.Pipelines.5ujx8ulk75.wasm.gz
2026-02-08T20:44:12.4139679Z ./_framework/System.Net.Primitives.aficcbn7zu.wasm.br
2026-02-08T20:44:12.4140360Z ./_framework/Microsoft.JSInterop.betqyv1awt.wasm.br
2026-02-08T20:44:12.4141099Z ./_framework/Microsoft.Extensions.Options.hpxn5zhjfy.wasm.gz
2026-02-08T20:44:12.4141821Z ./_framework/System.Net.Http.p6eruwmy8e.wasm.br
2026-02-08T20:44:12.4142566Z ./_framework/Microsoft.Extensions.Configuration.33kpvunugc.wasm
2026-02-08T20:44:12.4143535Z ./_framework/Microsoft.Extensions.Configuration.Abstractions.vydvg25cgq.wasm
2026-02-08T20:44:12.4144489Z ./_framework/Microsoft.Extensions.Primitives.cpcl4kfg57.wasm.gz
2026-02-08T20:44:12.4145210Z ./_framework/blazor.webassembly.66stpp682q.js.br
2026-02-08T20:44:12.4145760Z ./_framework/icudt_CJK.tjcz0u77k5.dat.gz
2026-02-08T20:44:12.4146453Z ./_framework/System.Collections.Immutable.9pfelrjwtf.wasm.br
2026-02-08T20:44:12.4147156Z ./_framework/System.Console.4xbni2kq7l.wasm.gz
2026-02-08T20:44:12.4147998Z ./_framework/System.Text.Encodings.Web.ttipjdru9a.wasm.gz
2026-02-08T20:44:12.4148722Z ./_framework/System.Private.CoreLib.qcnc8who53.wasm.gz
2026-02-08T20:44:12.4154584Z ./_framework/icudt_no_CJK.lfu7j35m59.dat.gz
2026-02-08T20:44:12.4158341Z ./_framework/System.Memory.j3p0152ymq.wasm.gz
2026-02-08T20:44:12.4159173Z ./_framework/Microsoft.Extensions.DependencyInjection.3snpc8ocur.wasm.gz
2026-02-08T20:44:12.4160210Z ./_framework/Microsoft.DotNet.HotReload.WebAssembly.Browser.u1l3a5juxx.wasm
2026-02-08T20:44:12.4161180Z ./_framework/Microsoft.JSInterop.WebAssembly.58jjh3bwur.wasm.gz
2026-02-08T20:44:12.4162033Z ./_framework/Microsoft.AspNetCore.Components.Web.6avfxro9u7.wasm
2026-02-08T20:44:12.4162972Z ./_framework/Microsoft.Extensions.Configuration.Json.dsinhvif0g.wasm.gz
2026-02-08T20:44:12.4163775Z ./_framework/System.Net.Http.p6eruwmy8e.wasm.gz
2026-02-08T20:44:12.4164396Z ./_framework/System.Threading.yumfdtk9br.wasm.gz
2026-02-08T20:44:12.4165037Z ./_framework/System.Runtime.Loader.yzdk6fsp4v.wasm
2026-02-08T20:44:12.4165700Z ./_framework/System.Collections.pokpmhgvt8.wasm.br
2026-02-08T20:44:12.4166508Z ./_framework/Microsoft.Extensions.Logging.Abstractions.hfhvk7xb6w.wasm
2026-02-08T20:44:12.4167598Z ./_framework/Microsoft.Extensions.DependencyInjection.Abstractions.u692jfxsqg.wasm.br
2026-02-08T20:44:12.4168710Z ./_framework/System.Net.Http.Json.ejqnth2elm.wasm.gz
2026-02-08T20:44:12.4169494Z ./_framework/Microsoft.AspNetCore.Components.Web.6avfxro9u7.wasm.gz
2026-02-08T20:44:12.4170285Z ./_framework/System.IO.Pipelines.5ujx8ulk75.wasm.br
2026-02-08T20:44:12.4170864Z ./_framework/icudt_CJK.tjcz0u77k5.dat
2026-02-08T20:44:12.4176474Z ./_framework/Microsoft.Extensions.Configuration.Abstractions.vydvg25cgq.wasm.br
2026-02-08T20:44:12.4177355Z ./_framework/System.Linq.pyrzqtslo7.wasm.br
2026-02-08T20:44:12.4178263Z ./_framework/Microsoft.AspNetCore.Components.Web.6avfxro9u7.wasm.br
2026-02-08T20:44:12.4179015Z ./_framework/System.Linq.pyrzqtslo7.wasm.gz
2026-02-08T20:44:12.4179618Z ./_framework/System.Net.Primitives.aficcbn7zu.wasm
2026-02-08T20:44:12.4180256Z ./_framework/System.Collections.pokpmhgvt8.wasm
2026-02-08T20:44:12.4180990Z ./_framework/CollabsKus.BlazorWebAssembly.hd3beuwxoy.wasm.br
2026-02-08T20:44:12.4181683Z ./_framework/System.Private.Uri.mh816ehudy.wasm
2026-02-08T20:44:12.4182506Z ./_framework/Microsoft.AspNetCore.Components.WebAssembly.rp5gqlsdjc.wasm.gz
2026-02-08T20:44:12.4183353Z ./_framework/System.Collections.pokpmhgvt8.wasm.gz
2026-02-08T20:44:12.4183962Z ./_framework/System.Threading.yumfdtk9br.wasm
2026-02-08T20:44:12.4184671Z ./_framework/icudt_no_CJK.lfu7j35m59.dat
2026-02-08T20:44:12.4193053Z ./_framework/icudt_EFIGS.tptq2av103.dat.gz
2026-02-08T20:44:12.4195785Z ./_framework/System.Collections.Concurrent.epf6hbxn1o.wasm.br
2026-02-08T20:44:12.4196523Z ./_framework/System.Private.Uri.mh816ehudy.wasm.gz
2026-02-08T20:44:12.4197229Z ./_framework/System.Collections.Concurrent.epf6hbxn1o.wasm
2026-02-08T20:44:12.4199851Z ./_framework/Microsoft.Extensions.Configuration.Json.dsinhvif0g.wasm
2026-02-08T20:44:12.4200979Z ./_framework/CollabsKus.BlazorWebAssembly.hd3beuwxoy.wasm
2026-02-08T20:44:12.4201714Z ./_framework/blazor.webassembly.66stpp682q.js
2026-02-08T20:44:12.4202219Z ./_framework/System.Text.Json.1drt9dicm2.wasm.br
2026-02-08T20:44:12.4202871Z ./_framework/Microsoft.AspNetCore.Components.oze3dlx0b9.wasm
2026-02-08T20:44:12.4204076Z ./_framework/System.Runtime.InteropServices.JavaScript.yzg2xf6fe9.wasm.gz
2026-02-08T20:44:12.4204858Z ./_framework/System.Private.CoreLib.qcnc8who53.wasm.br
2026-02-08T20:44:12.4208969Z ./_framework/Microsoft.AspNetCore.Components.WebAssembly.rp5gqlsdjc.wasm
2026-02-08T20:44:12.4209953Z ./_framework/icudt_no_CJK.lfu7j35m59.dat.br
2026-02-08T20:44:12.4213266Z ./_framework/dotnet.xziaevxkgp.js.br
2026-02-08T20:44:12.4213901Z ./_framework/CollabsKus.BlazorWebAssembly.hd3beuwxoy.wasm.gz
2026-02-08T20:44:12.4214589Z ./_framework/blazor.webassembly.66stpp682q.js.gz
2026-02-08T20:44:12.4215330Z ./_framework/System.Diagnostics.DiagnosticSource.vtx3wlqwql.wasm.gz
2026-02-08T20:44:12.4215889Z ./_framework/System.Net.Http.p6eruwmy8e.wasm
2026-02-08T20:44:12.4216518Z ./_framework/System.Console.4xbni2kq7l.wasm
2026-02-08T20:44:12.4217038Z ./_framework/System.Memory.j3p0152ymq.wasm
2026-02-08T20:44:12.4218982Z ./_framework/Microsoft.Extensions.DependencyInjection.Abstractions.u692jfxsqg.wasm
2026-02-08T20:44:12.4220004Z ./_framework/Microsoft.AspNetCore.Components.WebAssembly.rp5gqlsdjc.wasm.br
2026-02-08T20:44:12.4220965Z ./_framework/System.Diagnostics.DiagnosticSource.vtx3wlqwql.wasm
2026-02-08T20:44:12.4221691Z ./_framework/Microsoft.DotNet.HotReload.WebAssembly.Browser.u1l3a5juxx.wasm.br
2026-02-08T20:44:12.4222259Z ./_framework/dotnet.runtime.2tx45g8lli.js
2026-02-08T20:44:12.4223026Z ./_framework/Microsoft.Extensions.DependencyInjection.3snpc8ocur.wasm.br
2026-02-08T20:44:12.4223892Z ./_framework/Microsoft.Extensions.Logging.efb40z18hz.wasm.gz
2026-02-08T20:44:12.4224564Z ./_framework/System.Runtime.aky6taf77q.wasm.gz
2026-02-08T20:44:12.4225116Z ./_framework/System.Memory.j3p0152ymq.wasm.br
2026-02-08T20:44:12.4225787Z ./_framework/System.Text.RegularExpressions.2d455bbq8f.wasm.gz
2026-02-08T20:44:12.4226542Z ./_framework/System.Collections.Immutable.9pfelrjwtf.wasm
2026-02-08T20:44:12.4227363Z ./_framework/Microsoft.Extensions.DependencyInjection.3snpc8ocur.wasm
2026-02-08T20:44:12.4228063Z ./_framework/System.Text.Encodings.Web.ttipjdru9a.wasm.br
2026-02-08T20:44:12.4228466Z ./_framework/dotnet.native.pfhp029mhg.js.gz
2026-02-08T20:44:12.4228826Z ./_framework/System.Text.Json.1drt9dicm2.wasm
2026-02-08T20:44:12.4231022Z ./_framework/Microsoft.Extensions.Configuration.Json.dsinhvif0g.wasm.br
2026-02-08T20:44:12.4231691Z ./_framework/dotnet.native.e52tz8d71s.wasm.gz
2026-02-08T20:44:12.4241554Z ./_framework/System.Diagnostics.DiagnosticSource.vtx3wlqwql.wasm.br
2026-02-08T20:44:12.4242313Z ./_framework/System.Net.Http.Json.ejqnth2elm.wasm.br
2026-02-08T20:44:12.4243027Z ./_framework/System.Collections.Immutable.9pfelrjwtf.wasm.gz
2026-02-08T20:44:12.4243699Z ./_framework/System.IO.Pipelines.5ujx8ulk75.wasm
2026-02-08T20:44:12.4244231Z ./_framework/dotnet.xziaevxkgp.js
2026-02-08T20:44:12.4244713Z ./_framework/dotnet.runtime.2tx45g8lli.js.gz
2026-02-08T20:44:12.4245339Z ./_framework/System.Text.RegularExpressions.2d455bbq8f.wasm
2026-02-08T20:44:12.4246022Z ./_framework/System.Text.Encodings.Web.ttipjdru9a.wasm
2026-02-08T20:44:12.4246825Z ./_framework/Microsoft.Extensions.Logging.Abstractions.hfhvk7xb6w.wasm.br
2026-02-08T20:44:12.4247286Z ./_framework/System.ComponentModel.zvpmoupymb.wasm
2026-02-08T20:44:12.4247980Z ./_framework/System.ComponentModel.zvpmoupymb.wasm.br
2026-02-08T20:44:12.4248330Z ./_framework/icudt_EFIGS.tptq2av103.dat
2026-02-08T20:44:12.4251942Z ./_framework/Microsoft.Extensions.DependencyInjection.Abstractions.u692jfxsqg.wasm.gz
2026-02-08T20:44:12.4252949Z ./_framework/Microsoft.JSInterop.WebAssembly.58jjh3bwur.wasm.br
2026-02-08T20:44:12.4253907Z ./_framework/Microsoft.Extensions.Primitives.cpcl4kfg57.wasm
2026-02-08T20:44:12.4254669Z ./_framework/System.Security.Cryptography.js9a235qw5.wasm.br
2026-02-08T20:44:12.4255279Z ./_framework/dotnet.xziaevxkgp.js.gz
2026-02-08T20:44:12.4255814Z ./_framework/System.Private.Uri.mh816ehudy.wasm.br
2026-02-08T20:44:12.4256439Z ./_framework/System.Net.Primitives.aficcbn7zu.wasm.gz
2026-02-08T20:44:12.4257222Z ./_framework/System.Runtime.InteropServices.JavaScript.yzg2xf6fe9.wasm
2026-02-08T20:44:12.4258247Z ./_framework/System.Runtime.Loader.yzdk6fsp4v.wasm.gz
2026-02-08T20:44:12.4258600Z ./_framework/System.Runtime.aky6taf77q.wasm
2026-02-08T20:44:12.4258990Z ./_framework/System.Collections.Concurrent.epf6hbxn1o.wasm.gz
2026-02-08T20:44:12.4259452Z ./_framework/Microsoft.Extensions.Configuration.33kpvunugc.wasm.gz
2026-02-08T20:44:12.4259877Z ./_framework/System.Threading.yumfdtk9br.wasm.br
2026-02-08T20:44:12.4260687Z ./_framework/System.Runtime.InteropServices.JavaScript.yzg2xf6fe9.wasm.br
2026-02-08T20:44:12.4261521Z ./_framework/Microsoft.Extensions.Options.hpxn5zhjfy.wasm
2026-02-08T20:44:12.4262113Z ./_framework/dotnet.native.pfhp029mhg.js
2026-02-08T20:44:12.4262736Z ./_framework/Microsoft.Extensions.Logging.efb40z18hz.wasm.br
2026-02-08T20:44:12.4263521Z ./_framework/Microsoft.Extensions.Configuration.33kpvunugc.wasm.br
2026-02-08T20:44:12.4264259Z ./_framework/System.Runtime.Loader.yzdk6fsp4v.wasm.br
2026-02-08T20:44:12.4264847Z ./_framework/System.Console.4xbni2kq7l.wasm.br
2026-02-08T20:44:12.4265647Z ./_framework/Microsoft.Extensions.Configuration.Abstractions.vydvg25cgq.wasm.gz
2026-02-08T20:44:12.4266528Z ./_framework/System.Security.Cryptography.js9a235qw5.wasm
2026-02-08T20:44:12.4267030Z ./icon-192.png
2026-02-08T20:44:12.4267435Z ./CollabsKus.BlazorWebAssembly.styles.css.gz
2026-02-08T20:44:12.4267994Z ./service-worker.js
2026-02-08T20:44:12.4268175Z ./_content/
2026-02-08T20:44:12.4268454Z ./_content/Microsoft.DotNet.HotReload.WebAssembly.Browser/
2026-02-08T20:44:12.4269214Z ./_content/Microsoft.DotNet.HotReload.WebAssembly.Browser/Microsoft.DotNet.HotReload.WebAssembly.Browser.99zm1jdh75.lib.module.js.br
2026-02-08T20:44:12.4270724Z ./_content/Microsoft.DotNet.HotReload.WebAssembly.Browser/Microsoft.DotNet.HotReload.WebAssembly.Browser.99zm1jdh75.lib.module.js.gz
2026-02-08T20:44:12.4272747Z ./_content/Microsoft.DotNet.HotReload.WebAssembly.Browser/Microsoft.DotNet.HotReload.WebAssembly.Browser.99zm1jdh75.lib.module.js
2026-02-08T20:44:12.4273847Z ./service-worker.js.gz
2026-02-08T20:44:12.4274314Z ./CollabsKus.BlazorWebAssembly.styles.css.br
2026-02-08T20:44:12.4274755Z ./icon-512.png
2026-02-08T20:44:12.4274974Z ./manifest.webmanifest.br
2026-02-08T20:44:12.4275240Z ./CollabsKus.BlazorWebAssembly.styles.css
2026-02-08T20:44:12.4275520Z ./service-worker.js.br
2026-02-08T20:44:12.4275736Z ./manifest.webmanifest.gz
2026-02-08T20:44:12.4275957Z ./appsettings.json
2026-02-08T20:44:12.4276378Z ##[endgroup]
2026-02-08T20:44:12.4337283Z ##[group]Run actions/upload-artifact@ea165f8d65b6e75b540449e92b4886f43607fa02
2026-02-08T20:44:12.4337704Z with:
2026-02-08T20:44:12.4338094Z   name: github-pages
2026-02-08T20:44:12.4338347Z   path: /home/runner/work/_temp/artifact.tar
2026-02-08T20:44:12.4338626Z   retention-days: 1
2026-02-08T20:44:12.4338834Z   if-no-files-found: error
2026-02-08T20:44:12.4339062Z   compression-level: 6
2026-02-08T20:44:12.4339265Z   overwrite: false
2026-02-08T20:44:12.4339472Z   include-hidden-files: false
2026-02-08T20:44:12.4339693Z env:
2026-02-08T20:44:12.4339874Z   DOTNET_ROOT: /usr/share/dotnet
2026-02-08T20:44:12.4340101Z ##[endgroup]
2026-02-08T20:44:12.6487002Z With the provided path, there will be 1 file uploaded
2026-02-08T20:44:12.6491951Z Artifact name is valid!
2026-02-08T20:44:12.6493683Z Root directory input is valid!
2026-02-08T20:44:12.7711229Z Beginning upload of artifact content to blob storage
2026-02-08T20:44:13.6364730Z Uploaded bytes 8388608
2026-02-08T20:44:13.7304046Z Uploaded bytes 10091985
2026-02-08T20:44:13.7626607Z Finished uploading artifact content to blob storage!
2026-02-08T20:44:13.7630723Z SHA256 digest of uploaded artifact zip is 12ab4b2f610ada60439454c27505531e9b44b4cba40eeded15240563047b9ed5
2026-02-08T20:44:13.7632058Z Finalizing artifact upload
2026-02-08T20:44:13.8918294Z Artifact github-pages.zip successfully finalized. Artifact ID 5424528241
2026-02-08T20:44:13.8919784Z Artifact github-pages has been successfully uploaded! Final size is 10091985 bytes. Artifact ID is 5424528241
2026-02-08T20:44:13.8927071Z Artifact download URL: https://github.com/collabskus/collabskus.github.io/actions/runs/21805040391/artifacts/5424528241
2026-02-08T20:44:13.9121741Z Post job cleanup.
2026-02-08T20:44:14.0410937Z Post job cleanup.
2026-02-08T20:44:14.1194201Z [command]/usr/bin/git version
2026-02-08T20:44:14.1263607Z git version 2.52.0
2026-02-08T20:44:14.1304812Z Temporarily overriding HOME='/home/runner/work/_temp/8824ecf1-a404-4fa2-a79a-3718ccec8f99' before making global git config changes
2026-02-08T20:44:14.1306237Z Adding repository directory to the temporary git global config as a safe directory
2026-02-08T20:44:14.1311523Z [command]/usr/bin/git config --global --add safe.directory /home/runner/work/collabskus.github.io/collabskus.github.io
2026-02-08T20:44:14.1344335Z Removing SSH command configuration
2026-02-08T20:44:14.1353243Z [command]/usr/bin/git config --local --name-only --get-regexp core\.sshCommand
2026-02-08T20:44:14.1389063Z [command]/usr/bin/git submodule foreach --recursive sh -c "git config --local --name-only --get-regexp 'core\.sshCommand' && git config --local --unset-all 'core.sshCommand' || :"
2026-02-08T20:44:14.1622031Z Removing HTTP extra header
2026-02-08T20:44:14.1627675Z [command]/usr/bin/git config --local --name-only --get-regexp http\.https\:\/\/github\.com\/\.extraheader
2026-02-08T20:44:14.1662720Z [command]/usr/bin/git submodule foreach --recursive sh -c "git config --local --name-only --get-regexp 'http\.https\:\/\/github\.com\/\.extraheader' && git config --local --unset-all 'http.https://github.com/.extraheader' || :"
2026-02-08T20:44:14.1887121Z Removing includeIf entries pointing to credentials config files
2026-02-08T20:44:14.1894881Z [command]/usr/bin/git config --local --name-only --get-regexp ^includeIf\.gitdir:
2026-02-08T20:44:14.1919705Z includeif.gitdir:/home/runner/work/collabskus.github.io/collabskus.github.io/.git.path
2026-02-08T20:44:14.1920726Z includeif.gitdir:/home/runner/work/collabskus.github.io/collabskus.github.io/.git/worktrees/*.path
2026-02-08T20:44:14.1921478Z includeif.gitdir:/github/workspace/.git.path
2026-02-08T20:44:14.1922088Z includeif.gitdir:/github/workspace/.git/worktrees/*.path
2026-02-08T20:44:14.1929689Z [command]/usr/bin/git config --local --get-all includeif.gitdir:/home/runner/work/collabskus.github.io/collabskus.github.io/.git.path
2026-02-08T20:44:14.1951544Z /home/runner/work/_temp/git-credentials-a3bbf723-0ae4-4c83-8a8f-b0ad46fd19e6.config
2026-02-08T20:44:14.1961934Z [command]/usr/bin/git config --local --unset includeif.gitdir:/home/runner/work/collabskus.github.io/collabskus.github.io/.git.path /home/runner/work/_temp/git-credentials-a3bbf723-0ae4-4c83-8a8f-b0ad46fd19e6.config
2026-02-08T20:44:14.1994681Z [command]/usr/bin/git config --local --get-all includeif.gitdir:/home/runner/work/collabskus.github.io/collabskus.github.io/.git/worktrees/*.path
2026-02-08T20:44:14.2015920Z /home/runner/work/_temp/git-credentials-a3bbf723-0ae4-4c83-8a8f-b0ad46fd19e6.config
2026-02-08T20:44:14.2025389Z [command]/usr/bin/git config --local --unset includeif.gitdir:/home/runner/work/collabskus.github.io/collabskus.github.io/.git/worktrees/*.path /home/runner/work/_temp/git-credentials-a3bbf723-0ae4-4c83-8a8f-b0ad46fd19e6.config
2026-02-08T20:44:14.2054976Z [command]/usr/bin/git config --local --get-all includeif.gitdir:/github/workspace/.git.path
2026-02-08T20:44:14.2075428Z /github/runner_temp/git-credentials-a3bbf723-0ae4-4c83-8a8f-b0ad46fd19e6.config
2026-02-08T20:44:14.2082990Z [command]/usr/bin/git config --local --unset includeif.gitdir:/github/workspace/.git.path /github/runner_temp/git-credentials-a3bbf723-0ae4-4c83-8a8f-b0ad46fd19e6.config
2026-02-08T20:44:14.2113069Z [command]/usr/bin/git config --local --get-all includeif.gitdir:/github/workspace/.git/worktrees/*.path
2026-02-08T20:44:14.2133963Z /github/runner_temp/git-credentials-a3bbf723-0ae4-4c83-8a8f-b0ad46fd19e6.config
2026-02-08T20:44:14.2143466Z [command]/usr/bin/git config --local --unset includeif.gitdir:/github/workspace/.git/worktrees/*.path /github/runner_temp/git-credentials-a3bbf723-0ae4-4c83-8a8f-b0ad46fd19e6.config
2026-02-08T20:44:14.2175318Z [command]/usr/bin/git submodule foreach --recursive git config --local --show-origin --name-only --get-regexp remote.origin.url
2026-02-08T20:44:14.2398257Z Removing credentials config '/home/runner/work/_temp/git-credentials-a3bbf723-0ae4-4c83-8a8f-b0ad46fd19e6.config'
2026-02-08T20:44:14.2520600Z Cleaning up orphan processes
2026-02-08T20:44:14.2912869Z Terminate orphan process: pid (8436) (VBCSCompiler)
2026-02-08T20:44:23.1196822Z Current runner version: '2.331.0'
2026-02-08T20:44:23.1220534Z ##[group]Runner Image Provisioner
2026-02-08T20:44:23.1221255Z Hosted Compute Agent
2026-02-08T20:44:23.1221930Z Version: 20260123.484
2026-02-08T20:44:23.1222491Z Commit: 6bd6555ca37d84114959e1c76d2c01448ff61c5d
2026-02-08T20:44:23.1223176Z Build Date: 2026-01-23T19:41:17Z
2026-02-08T20:44:23.1224137Z Worker ID: {588641d8-0f76-4ea1-85e2-95fa189f7c5c}
2026-02-08T20:44:23.1224867Z Azure Region: centralus
2026-02-08T20:44:23.1225397Z ##[endgroup]
2026-02-08T20:44:23.1227633Z ##[group]Operating System
2026-02-08T20:44:23.1228242Z Ubuntu
2026-02-08T20:44:23.1228670Z 24.04.3
2026-02-08T20:44:23.1229207Z LTS
2026-02-08T20:44:23.1229624Z ##[endgroup]
2026-02-08T20:44:23.1230120Z ##[group]Runner Image
2026-02-08T20:44:23.1230750Z Image: ubuntu-24.04
2026-02-08T20:44:23.1231221Z Version: 20260201.15.1
2026-02-08T20:44:23.1232340Z Included Software: https://github.com/actions/runner-images/blob/ubuntu24/20260201.15/images/ubuntu/Ubuntu2404-Readme.md
2026-02-08T20:44:23.1233860Z Image Release: https://github.com/actions/runner-images/releases/tag/ubuntu24%2F20260201.15
2026-02-08T20:44:23.1235177Z ##[endgroup]
2026-02-08T20:44:23.1236308Z ##[group]GITHUB_TOKEN Permissions
2026-02-08T20:44:23.1238462Z Contents: read
2026-02-08T20:44:23.1239083Z Metadata: read
2026-02-08T20:44:23.1239574Z Pages: write
2026-02-08T20:44:23.1240057Z ##[endgroup]
2026-02-08T20:44:23.1242195Z Secret source: Actions
2026-02-08T20:44:23.1243397Z Prepare workflow directory
2026-02-08T20:44:23.1579549Z Prepare all required actions
2026-02-08T20:44:23.1618931Z Getting action download info
2026-02-08T20:44:23.4904763Z Download action repository 'actions/deploy-pages@v4' (SHA:d6db90164ac5ed86f2b6aed7e0febac5b3c0c03e)
2026-02-08T20:44:24.2341937Z Complete job name: deploy
2026-02-08T20:44:24.3088599Z ##[group]Run actions/deploy-pages@v4
2026-02-08T20:44:24.3089522Z with:
2026-02-08T20:44:24.3090116Z   token: ***
2026-02-08T20:44:24.3090514Z   timeout: 600000
2026-02-08T20:44:24.3090918Z   error_count: 10
2026-02-08T20:44:24.3091358Z   reporting_interval: 5000
2026-02-08T20:44:24.3091842Z   artifact_name: github-pages
2026-02-08T20:44:24.3092336Z   preview: false
2026-02-08T20:44:24.3092980Z ##[endgroup]
2026-02-08T20:44:24.6889943Z Fetching artifact metadata for "github-pages" in this workflow run
2026-02-08T20:44:24.8594810Z Found 1 artifact(s)
2026-02-08T20:44:24.8609260Z Creating Pages deployment with payload:
2026-02-08T20:44:24.8610833Z {
2026-02-08T20:44:24.8611855Z 	"artifact_id": 5424528241,
2026-02-08T20:44:24.8613636Z 	"pages_build_version": "b8838800fc695a84745e6529a7882c7bb611c420",
2026-02-08T20:44:24.8842430Z 	"oidc_token": "***"
2026-02-08T20:44:24.8843559Z }
2026-02-08T20:44:25.1587943Z Created deployment for b8838800fc695a84745e6529a7882c7bb611c420, ID: b8838800fc695a84745e6529a7882c7bb611c420
2026-02-08T20:44:30.1614773Z Getting Pages deployment status...
2026-02-08T20:44:30.3767350Z Reported success!
2026-02-08T20:44:30.4001889Z Evaluate and set environment url
2026-02-08T20:44:30.4006754Z Evaluated environment url: https://collabskus.github.io/
2026-02-08T20:44:30.4007675Z Cleaning up orphan processes
